python : Traceback (most recent call last):
At line:1 char:1
+ python test_rebuild_quick.py > 
test_output.txt 2>&1
+ ~~~~~~~~~~~~~~~~~~~~~~~~~~~~~~~~~~~~~~~~~
~~~~~~~~~~
    + CategoryInfo          : NotSpecified 
   : (Traceback (most recent call last)::  
  String) [], RemoteException
    + FullyQualifiedErrorId : NativeComman 
   dError
 
  File "C:\Users\Abdul\Documents\Octave 
Analytics\Efina\Formal Inclusion 
Simulation\test_rebuild_quick.py", line 
73, in <module>
================================================================================
QUICK TEST: Rebuild from Excel (1000 rows)
================================================================================

Loading Excel sample...
Loaded: (1000, 37)

Testing 7 new variables:
1. Has_NIN: 70.6% have NIN
2. Formal_Employment: 9.6% formally employed
3. Business_Income: 25.5% have business income
4. Agricultural_Income: 32.8% have agricultural income
5. Passive_Income: 0.8% have passive income
6. Income_Diversity_Score: Mean = 0.69
7. Digital_Access_Index: Mean = 1.42

================================================================================
    print("\u2705 ALL 7 NEW VARIABLES 
SUCCESSFULLY CREATED!")
  File 
"C:\Python312\Lib\encodings\cp1252.py", 
line 19, in encode
    return codecs.charmap_encode(input,self
.errors,encoding_table)[0]
           ^^^^^^^^^^^^^^^^^^^^^^^^^^^^^^^^
^^^^^^^^^^^^^^^^^^^^^^^
UnicodeEncodeError: 'charmap' codec can't 
encode character '\u2705' in position 0: 
character maps to <undefined>
